  Determinando os projetos a serem restaurados...
  Todos os projetos est├úo atualizados para restaura├º├úo.
  EnemPrep.Domain -> C:\Users\mbrag\Downloads\EstudaTUDO\EnemPrep.Domain\bin\Debug\net10.0\EnemPrep.Domain.dll
  EnemPrep.Application -> C:\Users\mbrag\Downloads\EstudaTUDO\EnemPrep.Application\bin\Debug\net10.0\EnemPrep.Application.dll
  EnemPrep.Infrastructure -> C:\Users\mbrag\Downloads\EstudaTUDO\EnemPrep.Infrastructure\bin\Debug\net10.0\EnemPrep.Infrastructure.dll
C:\Users\mbrag\Downloads\EstudaTUDO\EnemPrep.Web\Services\ApiClients\GamificacaoApiClient.cs(2,16): error CS0234: O nome de tipo ou namespace "Application" n├úo existe no namespace "EnemPrep" (voc├¬ est├í sem uma refer├¬ncia de assembly?) [C:\Users\mbrag\Downloads\EstudaTUDO\EnemPrep.Web\EnemPrep.Web.csproj]
C:\Users\mbrag\Downloads\EstudaTUDO\EnemPrep.Web\Services\ApiClients\Interfaces\IGamificacaoApiClient.cs(1,16): error CS0234: O nome de tipo ou namespace "Application" n├úo existe no namespace "EnemPrep" (voc├¬ est├í sem uma refer├¬ncia de assembly?) [C:\Users\mbrag\Downloads\EstudaTUDO\EnemPrep.Web\EnemPrep.Web.csproj]
C:\Users\mbrag\Downloads\EstudaTUDO\EnemPrep.Web\Models\Shared\DashboardViewModel.cs(11,21): error CS0234: O nome de tipo ou namespace "Application" n├úo existe no namespace "EnemPrep" (voc├¬ est├í sem uma refer├¬ncia de assembly?) [C:\Users\mbrag\Downloads\EstudaTUDO\EnemPrep.Web\EnemPrep.Web.csproj]
C:\Users\mbrag\Downloads\EstudaTUDO\EnemPrep.Web\Services\ApiClients\GamificacaoApiClient.cs(32,23): error CS0246: O nome do tipo ou do namespace "StreakUsuarioDto" n├úo pode ser encontrado (est├í faltando uma diretiva using ou uma refer├¬ncia de assembly?) [C:\Users\mbrag\Downloads\EstudaTUDO\EnemPrep.Web\EnemPrep.Web.csproj]
C:\Users\mbrag\Downloads\EstudaTUDO\EnemPrep.Web\Services\ApiClients\GamificacaoApiClient.cs(43,23): error CS0246: O nome do tipo ou do namespace "DesafioDiarioDto" n├úo pode ser encontrado (est├í faltando uma diretiva using ou uma refer├¬ncia de assembly?) [C:\Users\mbrag\Downloads\EstudaTUDO\EnemPrep.Web\EnemPrep.Web.csproj]
C:\Users\mbrag\Downloads\EstudaTUDO\EnemPrep.Web\Services\ApiClients\GamificacaoApiClient.cs(58,35): error CS0246: O nome do tipo ou do namespace "ConquistaDto" n├úo pode ser encontrado (est├í faltando uma diretiva using ou uma refer├¬ncia de assembly?) [C:\Users\mbrag\Downloads\EstudaTUDO\EnemPrep.Web\EnemPrep.Web.csproj]
C:\Users\mbrag\Downloads\EstudaTUDO\EnemPrep.Web\Services\ApiClients\Interfaces\IGamificacaoApiClient.cs(7,10): error CS0246: O nome do tipo ou do namespace "StreakUsuarioDto" n├úo pode ser encontrado (est├í faltando uma diretiva using ou uma refer├¬ncia de assembly?) [C:\Users\mbrag\Downloads\EstudaTUDO\EnemPrep.Web\EnemPrep.Web.csproj]
C:\Users\mbrag\Downloads\EstudaTUDO\EnemPrep.Web\Services\ApiClients\Interfaces\IGamificacaoApiClient.cs(8,10): error CS0246: O nome do tipo ou do namespace "DesafioDiarioDto" n├úo pode ser encontrado (est├í faltando uma diretiva using ou uma refer├¬ncia de assembly?) [C:\Users\mbrag\Downloads\EstudaTUDO\EnemPrep.Web\EnemPrep.Web.csproj]
C:\Users\mbrag\Downloads\EstudaTUDO\EnemPrep.Web\Services\ApiClients\Interfaces\IGamificacaoApiClient.cs(9,22): error CS0246: O nome do tipo ou do namespace "ConquistaDto" n├úo pode ser encontrado (est├í faltando uma diretiva using ou uma refer├¬ncia de assembly?) [C:\Users\mbrag\Downloads\EstudaTUDO\EnemPrep.Web\EnemPrep.Web.csproj]
C:\Users\mbrag\Downloads\EstudaTUDO\EnemPrep.Web\Views\Conquistas\Index.cshtml(1,29): error CS0234: O nome de tipo ou namespace "Application" n├úo existe no namespace "EnemPrep" (voc├¬ est├í sem uma refer├¬ncia de assembly?) [C:\Users\mbrag\Downloads\EstudaTUDO\EnemPrep.Web\EnemPrep.Web.csproj]
C:\Users\mbrag\Downloads\EstudaTUDO\EnemPrep.Web\obj\Debug\net10.0\Microsoft.CodeAnalysis.Razor.Compiler\Microsoft.NET.Sdk.Razor.SourceGenerators.RazorSourceGenerator\Views_Conquistas_Index_cshtml.g.cs(365,92): error CS0234: O nome de tipo ou namespace "Application" n├úo existe no namespace "EnemPrep" (voc├¬ est├í sem uma refer├¬ncia de assembly?) [C:\Users\mbrag\Downloads\EstudaTUDO\EnemPrep.Web\EnemPrep.Web.csproj]
C:\Users\mbrag\Downloads\EstudaTUDO\EnemPrep.Api\Controllers\GamificacaoController.cs(24,23): error CS1061: ÔÇÿResult<StreakUsuarioDto>ÔÇÖ n├úo cont├®m uma defini├º├úo para "IsSuccess" e n├úo foi poss├¡vel encontrar nenhum m├®todo de extens├úo "IsSuccess" que aceite um primeiro argumento do tipo ÔÇÿResult<StreakUsuarioDto>ÔÇÖ (voc├¬ est├í se esquecendo de usar uma diretiva ou uma refer├¬ncia de assembly?) [C:\Users\mbrag\Downloads\EstudaTUDO\EnemPrep.Api\EnemPrep.Api.csproj]
C:\Users\mbrag\Downloads\EstudaTUDO\EnemPrep.Api\Controllers\GamificacaoController.cs(24,45): error CS1061: ÔÇÿResult<StreakUsuarioDto>ÔÇÖ n├úo cont├®m uma defini├º├úo para "Value" e n├úo foi poss├¡vel encontrar nenhum m├®todo de extens├úo "Value" que aceite um primeiro argumento do tipo ÔÇÿResult<StreakUsuarioDto>ÔÇÖ (voc├¬ est├í se esquecendo de usar uma diretiva ou uma refer├¬ncia de assembly?) [C:\Users\mbrag\Downloads\EstudaTUDO\EnemPrep.Api\EnemPrep.Api.csproj]
C:\Users\mbrag\Downloads\EstudaTUDO\EnemPrep.Api\Controllers\GamificacaoController.cs(24,72): error CS1061: ÔÇÿResult<StreakUsuarioDto>ÔÇÖ n├úo cont├®m uma defini├º├úo para "Error" e n├úo foi poss├¡vel encontrar nenhum m├®todo de extens├úo "Error" que aceite um primeiro argumento do tipo ÔÇÿResult<StreakUsuarioDto>ÔÇÖ (voc├¬ est├í se esquecendo de usar uma diretiva ou uma refer├¬ncia de assembly?) [C:\Users\mbrag\Downloads\EstudaTUDO\EnemPrep.Api\EnemPrep.Api.csproj]
C:\Users\mbrag\Downloads\EstudaTUDO\EnemPrep.Api\Controllers\GamificacaoController.cs(33,23): error CS1061: ÔÇÿResult<DesafioDiarioDto?>ÔÇÖ n├úo cont├®m uma defini├º├úo para "IsSuccess" e n├úo foi poss├¡vel encontrar nenhum m├®todo de extens├úo "IsSuccess" que aceite um primeiro argumento do tipo ÔÇÿResult<DesafioDiarioDto?>ÔÇÖ (voc├¬ est├í se esquecendo de usar uma diretiva ou uma refer├¬ncia de assembly?) [C:\Users\mbrag\Downloads\EstudaTUDO\EnemPrep.Api\EnemPrep.Api.csproj]
C:\Users\mbrag\Downloads\EstudaTUDO\EnemPrep.Api\Controllers\GamificacaoController.cs(33,43): error CS1061: ÔÇÿResult<DesafioDiarioDto?>ÔÇÖ n├úo cont├®m uma defini├º├úo para "Value" e n├úo foi poss├¡vel encontrar nenhum m├®todo de extens├úo "Value" que aceite um primeiro argumento do tipo ÔÇÿResult<DesafioDiarioDto?>ÔÇÖ (voc├¬ est├í se esquecendo de usar uma diretiva ou uma refer├¬ncia de assembly?) [C:\Users\mbrag\Downloads\EstudaTUDO\EnemPrep.Api\EnemPrep.Api.csproj]
C:\Users\mbrag\Downloads\EstudaTUDO\EnemPrep.Api\Controllers\GamificacaoController.cs(33,69): error CS1061: ÔÇÿResult<DesafioDiarioDto?>ÔÇÖ n├úo cont├®m uma defini├º├úo para "Value" e n├úo foi poss├¡vel encontrar nenhum m├®todo de extens├úo "Value" que aceite um primeiro argumento do tipo ÔÇÿResult<DesafioDiarioDto?>ÔÇÖ (voc├¬ est├í se esquecendo de usar uma diretiva ou uma refer├¬ncia de assembly?) [C:\Users\mbrag\Downloads\EstudaTUDO\EnemPrep.Api\EnemPrep.Api.csproj]
C:\Users\mbrag\Downloads\EstudaTUDO\EnemPrep.Api\Controllers\GamificacaoController.cs(33,111): error CS1061: ÔÇÿResult<DesafioDiarioDto?>ÔÇÖ n├úo cont├®m uma defini├º├úo para "Error" e n├úo foi poss├¡vel encontrar nenhum m├®todo de extens├úo "Error" que aceite um primeiro argumento do tipo ÔÇÿResult<DesafioDiarioDto?>ÔÇÖ (voc├¬ est├í se esquecendo de usar uma diretiva ou uma refer├¬ncia de assembly?) [C:\Users\mbrag\Downloads\EstudaTUDO\EnemPrep.Api\EnemPrep.Api.csproj]
C:\Users\mbrag\Downloads\EstudaTUDO\EnemPrep.Api\Controllers\GamificacaoController.cs(40,23): error CS1061: ÔÇÿResult<IEnumerable<ConquistaDto>>ÔÇÖ n├úo cont├®m uma defini├º├úo para "IsSuccess" e n├úo foi poss├¡vel encontrar nenhum m├®todo de extens├úo "IsSuccess" que aceite um primeiro argumento do tipo ÔÇÿResult<IEnumerable<ConquistaDto>>ÔÇÖ (voc├¬ est├í se esquecendo de usar uma diretiva ou uma refer├¬ncia de assembly?) [C:\Users\mbrag\Downloads\EstudaTUDO\EnemPrep.Api\EnemPrep.Api.csproj]
C:\Users\mbrag\Downloads\EstudaTUDO\EnemPrep.Api\Controllers\GamificacaoController.cs(40,45): error CS1061: ÔÇÿResult<IEnumerable<ConquistaDto>>ÔÇÖ n├úo cont├®m uma defini├º├úo para "Value" e n├úo foi poss├¡vel encontrar nenhum m├®todo de extens├úo "Value" que aceite um primeiro argumento do tipo ÔÇÿResult<IEnumerable<ConquistaDto>>ÔÇÖ (voc├¬ est├í se esquecendo de usar uma diretiva ou uma refer├¬ncia de assembly?) [C:\Users\mbrag\Downloads\EstudaTUDO\EnemPrep.Api\EnemPrep.Api.csproj]
C:\Users\mbrag\Downloads\EstudaTUDO\EnemPrep.Api\Controllers\GamificacaoController.cs(40,72): error CS1061: ÔÇÿResult<IEnumerable<ConquistaDto>>ÔÇÖ n├úo cont├®m uma defini├º├úo para "Error" e n├úo foi poss├¡vel encontrar nenhum m├®todo de extens├úo "Error" que aceite um primeiro argumento do tipo ÔÇÿResult<IEnumerable<ConquistaDto>>ÔÇÖ (voc├¬ est├í se esquecendo de usar uma diretiva ou uma refer├¬ncia de assembly?) [C:\Users\mbrag\Downloads\EstudaTUDO\EnemPrep.Api\EnemPrep.Api.csproj]

FALHA da compila├º├úo.

C:\Users\mbrag\Downloads\EstudaTUDO\EnemPrep.Web\Services\ApiClients\GamificacaoApiClient.cs(2,16): error CS0234: O nome de tipo ou namespace "Application" n├úo existe no namespace "EnemPrep" (voc├¬ est├í sem uma refer├¬ncia de assembly?) [C:\Users\mbrag\Downloads\EstudaTUDO\EnemPrep.Web\EnemPrep.Web.csproj]
C:\Users\mbrag\Downloads\EstudaTUDO\EnemPrep.Web\Services\ApiClients\Interfaces\IGamificacaoApiClient.cs(1,16): error CS0234: O nome de tipo ou namespace "Application" n├úo existe no namespace "EnemPrep" (voc├¬ est├í sem uma refer├¬ncia de assembly?) [C:\Users\mbrag\Downloads\EstudaTUDO\EnemPrep.Web\EnemPrep.Web.csproj]
C:\Users\mbrag\Downloads\EstudaTUDO\EnemPrep.Web\Models\Shared\DashboardViewModel.cs(11,21): error CS0234: O nome de tipo ou namespace "Application" n├úo existe no namespace "EnemPrep" (voc├¬ est├í sem uma refer├¬ncia de assembly?) [C:\Users\mbrag\Downloads\EstudaTUDO\EnemPrep.Web\EnemPrep.Web.csproj]
C:\Users\mbrag\Downloads\EstudaTUDO\EnemPrep.Web\Services\ApiClients\GamificacaoApiClient.cs(32,23): error CS0246: O nome do tipo ou do namespace "StreakUsuarioDto" n├úo pode ser encontrado (est├í faltando uma diretiva using ou uma refer├¬ncia de assembly?) [C:\Users\mbrag\Downloads\EstudaTUDO\EnemPrep.Web\EnemPrep.Web.csproj]
C:\Users\mbrag\Downloads\EstudaTUDO\EnemPrep.Web\Services\ApiClients\GamificacaoApiClient.cs(43,23): error CS0246: O nome do tipo ou do namespace "DesafioDiarioDto" n├úo pode ser encontrado (est├í faltando uma diretiva using ou uma refer├¬ncia de assembly?) [C:\Users\mbrag\Downloads\EstudaTUDO\EnemPrep.Web\EnemPrep.Web.csproj]
C:\Users\mbrag\Downloads\EstudaTUDO\EnemPrep.Web\Services\ApiClients\GamificacaoApiClient.cs(58,35): error CS0246: O nome do tipo ou do namespace "ConquistaDto" n├úo pode ser encontrado (est├í faltando uma diretiva using ou uma refer├¬ncia de assembly?) [C:\Users\mbrag\Downloads\EstudaTUDO\EnemPrep.Web\EnemPrep.Web.csproj]
C:\Users\mbrag\Downloads\EstudaTUDO\EnemPrep.Web\Services\ApiClients\Interfaces\IGamificacaoApiClient.cs(7,10): error CS0246: O nome do tipo ou do namespace "StreakUsuarioDto" n├úo pode ser encontrado (est├í faltando uma diretiva using ou uma refer├¬ncia de assembly?) [C:\Users\mbrag\Downloads\EstudaTUDO\EnemPrep.Web\EnemPrep.Web.csproj]
C:\Users\mbrag\Downloads\EstudaTUDO\EnemPrep.Web\Services\ApiClients\Interfaces\IGamificacaoApiClient.cs(8,10): error CS0246: O nome do tipo ou do namespace "DesafioDiarioDto" n├úo pode ser encontrado (est├í faltando uma diretiva using ou uma refer├¬ncia de assembly?) [C:\Users\mbrag\Downloads\EstudaTUDO\EnemPrep.Web\EnemPrep.Web.csproj]
C:\Users\mbrag\Downloads\EstudaTUDO\EnemPrep.Web\Services\ApiClients\Interfaces\IGamificacaoApiClient.cs(9,22): error CS0246: O nome do tipo ou do namespace "ConquistaDto" n├úo pode ser encontrado (est├í faltando uma diretiva using ou uma refer├¬ncia de assembly?) [C:\Users\mbrag\Downloads\EstudaTUDO\EnemPrep.Web\EnemPrep.Web.csproj]
C:\Users\mbrag\Downloads\EstudaTUDO\EnemPrep.Web\Views\Conquistas\Index.cshtml(1,29): error CS0234: O nome de tipo ou namespace "Application" n├úo existe no namespace "EnemPrep" (voc├¬ est├í sem uma refer├¬ncia de assembly?) [C:\Users\mbrag\Downloads\EstudaTUDO\EnemPrep.Web\EnemPrep.Web.csproj]
C:\Users\mbrag\Downloads\EstudaTUDO\EnemPrep.Web\obj\Debug\net10.0\Microsoft.CodeAnalysis.Razor.Compiler\Microsoft.NET.Sdk.Razor.SourceGenerators.RazorSourceGenerator\Views_Conquistas_Index_cshtml.g.cs(365,92): error CS0234: O nome de tipo ou namespace "Application" n├úo existe no namespace "EnemPrep" (voc├¬ est├í sem uma refer├¬ncia de assembly?) [C:\Users\mbrag\Downloads\EstudaTUDO\EnemPrep.Web\EnemPrep.Web.csproj]
C:\Users\mbrag\Downloads\EstudaTUDO\EnemPrep.Api\Controllers\GamificacaoController.cs(24,23): error CS1061: ÔÇÿResult<StreakUsuarioDto>ÔÇÖ n├úo cont├®m uma defini├º├úo para "IsSuccess" e n├úo foi poss├¡vel encontrar nenhum m├®todo de extens├úo "IsSuccess" que aceite um primeiro argumento do tipo ÔÇÿResult<StreakUsuarioDto>ÔÇÖ (voc├¬ est├í se esquecendo de usar uma diretiva ou uma refer├¬ncia de assembly?) [C:\Users\mbrag\Downloads\EstudaTUDO\EnemPrep.Api\EnemPrep.Api.csproj]
C:\Users\mbrag\Downloads\EstudaTUDO\EnemPrep.Api\Controllers\GamificacaoController.cs(24,45): error CS1061: ÔÇÿResult<StreakUsuarioDto>ÔÇÖ n├úo cont├®m uma defini├º├úo para "Value" e n├úo foi poss├¡vel encontrar nenhum m├®todo de extens├úo "Value" que aceite um primeiro argumento do tipo ÔÇÿResult<StreakUsuarioDto>ÔÇÖ (voc├¬ est├í se esquecendo de usar uma diretiva ou uma refer├¬ncia de assembly?) [C:\Users\mbrag\Downloads\EstudaTUDO\EnemPrep.Api\EnemPrep.Api.csproj]
C:\Users\mbrag\Downloads\EstudaTUDO\EnemPrep.Api\Controllers\GamificacaoController.cs(24,72): error CS1061: ÔÇÿResult<StreakUsuarioDto>ÔÇÖ n├úo cont├®m uma defini├º├úo para "Error" e n├úo foi poss├¡vel encontrar nenhum m├®todo de extens├úo "Error" que aceite um primeiro argumento do tipo ÔÇÿResult<StreakUsuarioDto>ÔÇÖ (voc├¬ est├í se esquecendo de usar uma diretiva ou uma refer├¬ncia de assembly?) [C:\Users\mbrag\Downloads\EstudaTUDO\EnemPrep.Api\EnemPrep.Api.csproj]
C:\Users\mbrag\Downloads\EstudaTUDO\EnemPrep.Api\Controllers\GamificacaoController.cs(33,23): error CS1061: ÔÇÿResult<DesafioDiarioDto?>ÔÇÖ n├úo cont├®m uma defini├º├úo para "IsSuccess" e n├úo foi poss├¡vel encontrar nenhum m├®todo de extens├úo "IsSuccess" que aceite um primeiro argumento do tipo ÔÇÿResult<DesafioDiarioDto?>ÔÇÖ (voc├¬ est├í se esquecendo de usar uma diretiva ou uma refer├¬ncia de assembly?) [C:\Users\mbrag\Downloads\EstudaTUDO\EnemPrep.Api\EnemPrep.Api.csproj]
C:\Users\mbrag\Downloads\EstudaTUDO\EnemPrep.Api\Controllers\GamificacaoController.cs(33,43): error CS1061: ÔÇÿResult<DesafioDiarioDto?>ÔÇÖ n├úo cont├®m uma defini├º├úo para "Value" e n├úo foi poss├¡vel encontrar nenhum m├®todo de extens├úo "Value" que aceite um primeiro argumento do tipo ÔÇÿResult<DesafioDiarioDto?>ÔÇÖ (voc├¬ est├í se esquecendo de usar uma diretiva ou uma refer├¬ncia de assembly?) [C:\Users\mbrag\Downloads\EstudaTUDO\EnemPrep.Api\EnemPrep.Api.csproj]
C:\Users\mbrag\Downloads\EstudaTUDO\EnemPrep.Api\Controllers\GamificacaoController.cs(33,69): error CS1061: ÔÇÿResult<DesafioDiarioDto?>ÔÇÖ n├úo cont├®m uma defini├º├úo para "Value" e n├úo foi poss├¡vel encontrar nenhum m├®todo de extens├úo "Value" que aceite um primeiro argumento do tipo ÔÇÿResult<DesafioDiarioDto?>ÔÇÖ (voc├¬ est├í se esquecendo de usar uma diretiva ou uma refer├¬ncia de assembly?) [C:\Users\mbrag\Downloads\EstudaTUDO\EnemPrep.Api\EnemPrep.Api.csproj]
C:\Users\mbrag\Downloads\EstudaTUDO\EnemPrep.Api\Controllers\GamificacaoController.cs(33,111): error CS1061: ÔÇÿResult<DesafioDiarioDto?>ÔÇÖ n├úo cont├®m uma defini├º├úo para "Error" e n├úo foi poss├¡vel encontrar nenhum m├®todo de extens├úo "Error" que aceite um primeiro argumento do tipo ÔÇÿResult<DesafioDiarioDto?>ÔÇÖ (voc├¬ est├í se esquecendo de usar uma diretiva ou uma refer├¬ncia de assembly?) [C:\Users\mbrag\Downloads\EstudaTUDO\EnemPrep.Api\EnemPrep.Api.csproj]
C:\Users\mbrag\Downloads\EstudaTUDO\EnemPrep.Api\Controllers\GamificacaoController.cs(40,23): error CS1061: ÔÇÿResult<IEnumerable<ConquistaDto>>ÔÇÖ n├úo cont├®m uma defini├º├úo para "IsSuccess" e n├úo foi poss├¡vel encontrar nenhum m├®todo de extens├úo "IsSuccess" que aceite um primeiro argumento do tipo ÔÇÿResult<IEnumerable<ConquistaDto>>ÔÇÖ (voc├¬ est├í se esquecendo de usar uma diretiva ou uma refer├¬ncia de assembly?) [C:\Users\mbrag\Downloads\EstudaTUDO\EnemPrep.Api\EnemPrep.Api.csproj]
C:\Users\mbrag\Downloads\EstudaTUDO\EnemPrep.Api\Controllers\GamificacaoController.cs(40,45): error CS1061: ÔÇÿResult<IEnumerable<ConquistaDto>>ÔÇÖ n├úo cont├®m uma defini├º├úo para "Value" e n├úo foi poss├¡vel encontrar nenhum m├®todo de extens├úo "Value" que aceite um primeiro argumento do tipo ÔÇÿResult<IEnumerable<ConquistaDto>>ÔÇÖ (voc├¬ est├í se esquecendo de usar uma diretiva ou uma refer├¬ncia de assembly?) [C:\Users\mbrag\Downloads\EstudaTUDO\EnemPrep.Api\EnemPrep.Api.csproj]
C:\Users\mbrag\Downloads\EstudaTUDO\EnemPrep.Api\Controllers\GamificacaoController.cs(40,72): error CS1061: ÔÇÿResult<IEnumerable<ConquistaDto>>ÔÇÖ n├úo cont├®m uma defini├º├úo para "Error" e n├úo foi poss├¡vel encontrar nenhum m├®todo de extens├úo "Error" que aceite um primeiro argumento do tipo ÔÇÿResult<IEnumerable<ConquistaDto>>ÔÇÖ (voc├¬ est├í se esquecendo de usar uma diretiva ou uma refer├¬ncia de assembly?) [C:\Users\mbrag\Downloads\EstudaTUDO\EnemPrep.Api\EnemPrep.Api.csproj]
    0 Aviso(s)
    21 Erro(s)

Tempo Decorrido 00:00:01.92
