  Determinando os projetos a serem restaurados...
  Todos os projetos est├úo atualizados para restaura├º├úo.
  EnemPrep.Domain -> C:\Users\mbrag\Downloads\EstudaTUDO\EnemPrep.Domain\bin\Debug\net10.0\EnemPrep.Domain.dll
  EnemPrep.Application -> C:\Users\mbrag\Downloads\EstudaTUDO\EnemPrep.Application\bin\Debug\net10.0\EnemPrep.Application.dll
  EnemPrep.Infrastructure -> C:\Users\mbrag\Downloads\EstudaTUDO\EnemPrep.Infrastructure\bin\Debug\net10.0\EnemPrep.Infrastructure.dll
  EnemPrep.Web -> C:\Users\mbrag\Downloads\EstudaTUDO\EnemPrep.Web\bin\Debug\net10.0\EnemPrep.Web.dll
  EnemPrep.Api -> C:\Users\mbrag\Downloads\EstudaTUDO\EnemPrep.Api\bin\Debug\net10.0\EnemPrep.Api.dll

Compila├º├úo com ├¬xito.
    0 Aviso(s)
    0 Erro(s)

Tempo Decorrido 00:00:01.62
